DROP TABLE excluded_startup_keys;
DROP TABLE json_decoding_output;
DROP FUNCTION get_queued_data();
DROP FUNCTION get_startup_params();
