-- like bt_index_check('pglogical.sequence_state', true)
CREATE FUNCTION heapallindexed() RETURNS void AS $$
DECLARE
	count_seqscan int;
	count_idxscan int;
BEGIN
	count_seqscan := (SELECT count(*) FROM pglogical.sequence_state);
	SET enable_seqscan = off;
	count_idxscan := (SELECT count(*) FROM pglogical.sequence_state);
	RESET enable_seqscan;
	IF count_seqscan <> count_idxscan THEN
		RAISE 'seqscan found % rows, but idxscan found % rows',
			count_seqscan, count_idxscan;
	END IF;
END
$$ LANGUAGE plpgsql;
-- Replicate one sequence.
CREATE SEQUENCE stress;
SELECT * FROM pglogical.create_replication_set('stress_seq');
 create_replication_set 
------------------------
             2261733486
(1 row)

SELECT * FROM pglogical.replication_set_add_sequence('stress_seq', 'stress');
 replication_set_add_sequence 
------------------------------
 t
(1 row)

SELECT pglogical.synchronize_sequence('stress');
 synchronize_sequence 
----------------------
 t
(1 row)

SELECT heapallindexed();
 heapallindexed 
----------------
 
(1 row)

-- Sync it 400 times in one transaction, to cross a pglogical.sequence_state
-- page boundary and get a non-HOT update.
DO $$
BEGIN
  FOR i IN 1..400 LOOP
    PERFORM pglogical.synchronize_sequence('stress');
  END LOOP;
END;
$$;
SELECT heapallindexed();
 heapallindexed 
----------------
 
(1 row)

